2026-08-28 04:28:31,409 INFO Starting CPU-only ReVA Mini G0/G1
2026-08-28 04:28:32,330 INFO Verified source hashes 250/1320
2026-08-28 04:28:33,281 INFO Verified source hashes 500/1320
2026-08-28 04:28:34,216 INFO Verified source hashes 750/1320
2026-08-28 04:28:35,159 INFO Verified source hashes 1000/1320
2026-08-28 04:28:36,090 INFO Verified source hashes 1250/1320
2026-08-28 04:28:37,226 INFO Validating exact GSM8K row/prompt/token bindings for all 1,319 cases
2026-08-28 04:28:46,660 INFO Schema/G0 processing 100/1319
2026-08-28 04:28:48,691 INFO Schema/G0 processing 200/1319
2026-08-28 04:28:50,656 INFO Schema/G0 processing 300/1319
2026-08-28 04:28:52,626 INFO Schema/G0 processing 400/1319
2026-08-28 04:28:54,509 INFO Schema/G0 processing 500/1319
2026-08-28 04:28:56,486 INFO Schema/G0 processing 600/1319
2026-08-28 04:28:58,488 INFO Schema/G0 processing 700/1319
2026-08-28 04:29:00,452 INFO Schema/G0 processing 800/1319
2026-08-28 04:29:02,319 INFO Schema/G0 processing 900/1319
2026-08-28 04:29:04,288 INFO Schema/G0 processing 1000/1319
2026-08-28 04:29:06,277 INFO Schema/G0 processing 1100/1319
2026-08-28 04:29:08,398 INFO Schema/G0 processing 1200/1319
2026-08-28 04:29:10,626 INFO Schema/G0 processing 1300/1319
2026-08-28 04:29:11,028 INFO Schema/G0 processing 1319/1319
2026-08-28 04:29:11,265 INFO G0 decision: G0_EXPLORATORY_PASS (The formal 50% strong gate failed. The already-selected 60% DEV checkpoint retained adjacent 50% support under parser v1.1; this is same-DEV, post-diagnostic, selection-biased exploratory evidence only.)
2026-08-28 04:29:18,553 INFO Causal feature extraction 50/1055
2026-08-28 04:29:25,425 INFO Causal feature extraction 100/1055
2026-08-28 04:29:32,526 INFO Causal feature extraction 150/1055
2026-08-28 04:29:39,229 INFO Causal feature extraction 200/1055
2026-08-28 04:29:46,666 INFO Causal feature extraction 250/1055
2026-08-28 04:29:53,535 INFO Causal feature extraction 300/1055
2026-08-28 04:30:00,749 INFO Causal feature extraction 350/1055
2026-08-28 04:30:07,922 INFO Causal feature extraction 400/1055
2026-08-28 04:30:14,743 INFO Causal feature extraction 450/1055
2026-08-28 04:30:22,356 INFO Causal feature extraction 500/1055
2026-08-28 04:30:29,622 INFO Causal feature extraction 550/1055
2026-08-28 04:30:36,919 INFO Causal feature extraction 600/1055
2026-08-28 04:30:44,650 INFO Causal feature extraction 650/1055
2026-08-28 04:30:51,962 INFO Causal feature extraction 700/1055
2026-08-28 04:30:59,480 INFO Causal feature extraction 750/1055
2026-08-28 04:31:06,773 INFO Causal feature extraction 800/1055
2026-08-28 04:31:14,164 INFO Causal feature extraction 850/1055
2026-08-28 04:31:21,569 INFO Causal feature extraction 900/1055
2026-08-28 04:31:28,970 INFO Causal feature extraction 950/1055
2026-08-28 04:31:35,948 INFO Causal feature extraction 1000/1055
2026-08-28 04:31:43,332 INFO Causal feature extraction 1050/1055
2026-08-28 04:31:44,137 INFO Causal feature extraction 1055/1055
2026-08-28 04:33:24,931 INFO G1 decision: G1_PASS (Cheap features did not stably solve both frozen key matched controls; the simple proxy set is incomplete.)
